// Jest Snapshot v1, https://goo.gl/fbAQLP

exports[`<LoadingIndicator /> should match the snapshot 1`] = `
<div
  className="MuiGrid-root MuiGrid-container MuiGrid-direction-xs-column MuiGrid-align-items-xs-center MuiGrid-justify-xs-center"
>
  <div
    className="MuiGrid-root MuiGrid-item"
  >
    <div
      className="MuiCircularProgress-root makeStyles-progress-4 MuiCircularProgress-colorPrimary MuiCircularProgress-indeterminate"
      role="progressbar"
      style={
        Object {
          "height": 40,
          "width": 40,
        }
      }
    >
      <svg
        className="MuiCircularProgress-svg"
        viewBox="22 22 44 44"
      >
        <circle
          className="MuiCircularProgress-circle MuiCircularProgress-circleIndeterminate"
          cx={44}
          cy={44}
          fill="none"
          r={20.2}
          strokeWidth={3.6}
          style={Object {}}
        />
      </svg>
    </div>
  </div>
  <div
    className="MuiGrid-root MuiGrid-item"
  >
    <span>
      Reaching data from space...
    </span>
  </div>
</div>
`;
